[synthetic-syn-small-vision-high] run 001 exists, skipping
[synthetic-syn-small-vision-high] run 002 ok
[synthetic-syn-small-vision-high] run 003 ok
[synthetic-syn-small-vision-high] run 004 ok
[synthetic-syn-small-vision-high] run 005 ok
[synthetic-syn-small-vision-high] run 006 ok
[synthetic-syn-small-vision-high] run 007 ok
[synthetic-syn-small-vision-high] run 008 ok
[synthetic-syn-small-vision-high] run 009 ok
[synthetic-syn-small-vision-high] run 010 ok
[synthetic-syn-small-vision-high] run 011 ok
[synthetic-syn-small-vision-high] run 012 ok
[synthetic-syn-small-vision-high] run 014 ok
[synthetic-syn-small-vision-high] run 013 ok
[synthetic-syn-small-vision-high] run 016 ok
[synthetic-syn-small-vision-high] run 015 ok
[synthetic-syn-small-vision-high] run 017 ok
[synthetic-syn-small-vision-high] run 018 ok
[synthetic-syn-small-vision-high] run 019 ok
[synthetic-syn-small-vision-high] run 020 ok
[synthetic-syn-small-vision-high] run 021 ok
[synthetic-syn-small-vision-high] run 023 ok
[synthetic-syn-small-vision-high] run 022 ok
[synthetic-syn-small-vision-high] run 024 ok
[synthetic-syn-small-vision-high] run 025 ok
[synthetic-syn-small-vision-high] run 027 ok
[synthetic-syn-small-vision-high] run 026 ok
[synthetic-syn-small-vision-high] run 028 ok
[synthetic-syn-small-vision-high] run 030 ok
[synthetic-syn-small-vision-high] run 029 ok
[synthetic-syn-small-vision-high] run 032 ok
[synthetic-syn-small-vision-high] run 031 ok
[synthetic-syn-small-vision-high] run 033 ok
[synthetic-syn-small-vision-high] run 034 ok
[synthetic-syn-small-vision-high] run 035 ok
[synthetic-syn-small-vision-high] run 036 ok
[synthetic-syn-small-vision-high] run 037 ok
[synthetic-syn-small-vision-high] run 038 ok
[synthetic-syn-small-vision-high] run 039 ok
[synthetic-syn-small-vision-high] run 041 ok
[synthetic-syn-small-vision-high] run 040 ok
[synthetic-syn-small-vision-high] run 042 ok
[synthetic-syn-small-vision-high] run 043 ok
[synthetic-syn-small-vision-high] run 045 ok
[synthetic-syn-small-vision-high] run 044 ok
[synthetic-syn-small-vision-high] run 047 ok
[synthetic-syn-small-vision-high] run 046 ok
[synthetic-syn-small-vision-high] run 048 ok
[synthetic-syn-small-vision-high] run 050 ok
[synthetic-syn-small-vision-high] run 049 ok
[synthetic-syn-small-vision-high] batch done: 50/50 outputs present
[synthetic-syn-large-text-high] run 001 ok
[synthetic-syn-large-text-high] run 002 ok
[synthetic-syn-large-text-high] run 003 ok
[synthetic-syn-large-text-high] run 004 ok
[synthetic-syn-large-text-high] run 005 ok
[synthetic-syn-large-text-high] run 006 ok
[synthetic-syn-large-text-high] run 007 ok
[synthetic-syn-large-text-high] run 008 ok
[synthetic-syn-large-text-high] run 009 ok
[synthetic-syn-large-text-high] run 010 ok
[synthetic-syn-large-text-high] run 011 ok
[synthetic-syn-large-text-high] run 012 ok
[synthetic-syn-large-text-high] run 013 ok
[synthetic-syn-large-text-high] run 014 ok
[synthetic-syn-large-text-high] run 015 ok
[synthetic-syn-large-text-high] run 016 ok
[synthetic-syn-large-text-high] run 017 ok
[synthetic-syn-large-text-high] run 018 ok
[synthetic-syn-large-text-high] run 019 ok
[synthetic-syn-large-text-high] run 020 ok
[synthetic-syn-large-text-high] run 021 ok
[synthetic-syn-large-text-high] run 022 ok
[synthetic-syn-large-text-high] run 023 ok
[synthetic-syn-large-text-high] run 024 ok
[synthetic-syn-large-text-high] run 025 ok
[synthetic-syn-large-text-high] run 026 ok
[synthetic-syn-large-text-high] run 027 ok
[synthetic-syn-large-text-high] run 028 ok
[synthetic-syn-large-text-high] run 029 ok
[synthetic-syn-large-text-high] run 030 ok
[synthetic-syn-large-text-high] run 031 ok
[synthetic-syn-large-text-high] run 032 ok
[synthetic-syn-large-text-high] run 033 ok
[synthetic-syn-large-text-high] run 034 ok
[synthetic-syn-large-text-high] run 035 ok
[synthetic-syn-large-text-high] run 036 ok
[synthetic-syn-large-text-high] run 037 ok
[synthetic-syn-large-text-high] run 038 ok
[synthetic-syn-large-text-high] run 039 ok
[synthetic-syn-large-text-high] run 040 ok
[synthetic-syn-large-text-high] run 041 ok
[synthetic-syn-large-text-high] run 042 ok
[synthetic-syn-large-text-high] run 043 ok
[synthetic-syn-large-text-high] run 044 ok
[synthetic-syn-large-text-high] run 045 ok
[synthetic-syn-large-text-high] run 046 ok
[synthetic-syn-large-text-high] run 047 ok
[synthetic-syn-large-text-high] run 048 ok
[synthetic-syn-large-text-high] run 049 ok
[synthetic-syn-large-text-high] run 050 ok
[synthetic-syn-large-text-high] batch done: 50/50 outputs present
[synthetic-syn-large-vision-high] run 001 ok
[synthetic-syn-large-vision-high] run 002 ok
[synthetic-syn-large-vision-high] run 003 ok
[synthetic-syn-large-vision-high] run 004 ok
[synthetic-syn-large-vision-high] run 005 ok
[synthetic-syn-large-vision-high] run 006 ok
[synthetic-syn-large-vision-high] run 007 ok
[synthetic-syn-large-vision-high] run 008 ok
[synthetic-syn-large-vision-high] run 009 ok
[synthetic-syn-large-vision-high] run 010 ok
[synthetic-syn-large-vision-high] run 011 ok
[synthetic-syn-large-vision-high] run 012 ok
[synthetic-syn-large-vision-high] run 013 ok
[synthetic-syn-large-vision-high] run 014 ok
[synthetic-syn-large-vision-high] run 015 ok
[synthetic-syn-large-vision-high] run 016 ok
[synthetic-syn-large-vision-high] run 017 ok
[synthetic-syn-large-vision-high] run 018 ok
[synthetic-syn-large-vision-high] run 019 ok
[synthetic-syn-large-vision-high] run 020 ok
[synthetic-syn-large-vision-high] run 021 ok
[synthetic-syn-large-vision-high] run 022 ok
[synthetic-syn-large-vision-high] run 023 ok
[synthetic-syn-large-vision-high] run 024 ok
[synthetic-syn-large-vision-high] run 025 ok
[synthetic-syn-large-vision-high] run 026 ok
[synthetic-syn-large-vision-high] run 027 ok
[synthetic-syn-large-vision-high] run 028 ok
[synthetic-syn-large-vision-high] run 029 ok
[synthetic-syn-large-vision-high] run 030 ok
[synthetic-syn-large-vision-high] run 031 ok
[synthetic-syn-large-vision-high] run 032 ok
[synthetic-syn-large-vision-high] run 033 ok
[synthetic-syn-large-vision-high] run 034 ok
[synthetic-syn-large-vision-high] run 035 ok
[synthetic-syn-large-vision-high] run 036 ok
[synthetic-syn-large-vision-high] run 037 ok
[synthetic-syn-large-vision-high] run 038 ok
[synthetic-syn-large-vision-high] run 039 ok
[synthetic-syn-large-vision-high] run 040 ok
[synthetic-syn-large-vision-high] run 041 ok
[synthetic-syn-large-vision-high] run 042 ok
[synthetic-syn-large-vision-high] run 043 ok
[synthetic-syn-large-vision-high] run 044 ok
[synthetic-syn-large-vision-high] run 045 ok
[synthetic-syn-large-vision-high] run 046 ok
[synthetic-syn-large-vision-high] run 047 ok
[synthetic-syn-large-vision-high] run 048 ok
[synthetic-syn-large-vision-high] run 049 ok
[synthetic-syn-large-vision-high] run 050 ok
[synthetic-syn-large-vision-high] batch done: 50/50 outputs present
